/usr/bin/bash: line 1: xcodebuild: command not found
